C51 COMPILER V9.01   BLUETOOTH                                                             05/08/2020 14:19:46 PAGE 1   


C51 COMPILER V9.01, COMPILATION OF MODULE BLUETOOTH
OBJECT MODULE PLACED IN bluetooth.OBJ
COMPILER INVOKED BY: F:\keil51\C51\BIN\C51.EXE bluetooth.c LARGE OPTIMIZE(0,SPEED) BROWSE DEBUG OBJECTEXTEND

line level    source

   1          //**** 声明 ********************************************************************
   2          /*******************************************************************************
   3           * 下面来自互联开源程序，由广州汇承信息科技有限公司收集
   4           * 方便用户参考学习，本公司不提供任何技术支持
   5           * 程序仅供测试参考，不能应用在实际工程中，不一定能通过编译
   6           * 公司网站  http://www.hc01.com/
   7           * 淘宝网址  http://hc-com.taobao.com/
   8          *******************************************************************************/
   9                                         
  10          /*-----------------------------------------------------------------------------
  11          * 实 验 名               : RS232串口试验
  12          * 实验说明     : 单片机串口接收数据控制灯亮灭
  13          * 连接方式     : 
  14          * 注    意               : 该试验使用的晶振是11.0592
  15          *******************************************************************************/
  16          
  17          #include<reg52.h>
  18          #include<intrins.h>
  19          
  20          #define uchar unsigned char
  21          #define uint  unsigned int
  22          
  23          uchar PuZh[36] = "广州汇承信息科技有限公司www.hc01.com";
  24          
  25          //--定义使用的IO--//
  26          
  27          sbit LED=P2^0;
  28          
  29          
  30          //--声明全局函数--//   
  31          void UsartConfiguration();
  32          void Delay_1ms(uint i);
  33          
  34          
  35          /********************************************************************
  36          * 名称 : Com_Int()
  37          * 功能 : 串口中断子函数
  38          * 输入 : 无 * 输出 : 无
  39          ***********************************************************************/
  40          void Com_Int(void) interrupt 4
  41          {
  42   1              uchar i;
  43   1        uchar receive_data;
  44   1              
  45   1        EA = 0;
  46   1              
  47   1        if(RI == 1) //当硬件接收到一个数据时，RI会置位
  48   1              {               
  49   2                      RI = 0;
  50   2                      receive_data = SBUF;//接收到的数据
  51   2                              
  52   2                      if(receive_data == '1')  
  53   2                      {
  54   3                                      LED =0;//接收到1亮灯
  55   3                      }
C51 COMPILER V9.01   BLUETOOTH                                                             05/08/2020 14:19:46 PAGE 2   

  56   2                      else
  57   2                      {
  58   3                                      LED =1; //其他情况灯灭
  59   3                      }
  60   2                      
  61   2              }
  62   1                      
  63   1                      for(i=0; i<36; i++)
  64   1                      {
  65   2                              SBUF = PuZh[i];   //将要发送的数据放入到发送寄存器
  66   2                              while(!TI);                 //等待发送数据完成
  67   2                              TI=0;                           //清除发送完成标志位
  68   2                              Delay_1ms(1);
  69   2                      }
  70   1                      EA = 1;
  71   1      }
  72          
  73          /*******************************************************************************
  74          * 函 数 名       : main
  75          * 函数功能                 : 主函数
  76          * 输    入       : 无
  77          * 输    出       : 无
  78          *******************************************************************************/
  79          
  80          void main()
  81          {
  82   1      
  83   1              UsartConfiguration();//初始化串口
  84   1              
  85   1              while(1);       
  86   1      }
  87                  
  88          /*******************************************************************************
  89          * 函 数 名       : UsartConfiguration()
  90          * 函数功能                 : 设置串口
  91          * 输    入       : 无
  92          * 输    出       : 无
  93          *******************************************************************************/
  94          
  95          void UsartConfiguration()
  96          {       
  97   1              SCON=0X50;                      //设置为工作方式1,8位数据，可变波特率
  98   1              TMOD=0X20;                      //设置计数器工作方式2
  99   1              PCON=0X00;                      //波特率不加倍
 100   1              TH1=0XFd;                   //计数器初始值设置，9600@11.0592MHz
 101   1              TL1=0XFd;
 102   1              TR1=1;                                  //打开计数器
 103   1              ES = 1;         //开串口中断
 104   1        EA = 1;         //开总中断
 105   1      }
 106          
 107          
 108          /********************************************************************
 109          * 名称 : Delay_1ms()
 110          * 功能 : 延时子程序，延时时间为 1ms
 111          * x * 输入 : x (延时一毫秒的个数)
 112          * 输出 : 无
 113          ***********************************************************************/
 114          void Delay_1ms(uint i)//1ms延时
 115          {
 116   1        uchar x,j;
 117   1        
C51 COMPILER V9.01   BLUETOOTH                                                             05/08/2020 14:19:46 PAGE 3   

 118   1        for(j=0;j<i;j++)
 119   1          for(x=0;x<=148;x++);
 120   1      }


MODULE INFORMATION:   STATIC OVERLAYABLE
   CODE SIZE        =    237    ----
   CONSTANT SIZE    =   ----    ----
   XDATA SIZE       =     42    ----
   PDATA SIZE       =   ----    ----
   DATA SIZE        =   ----    ----
   IDATA SIZE       =   ----    ----
   BIT SIZE         =   ----    ----
END OF MODULE INFORMATION.


C51 COMPILATION COMPLETE.  0 WARNING(S),  0 ERROR(S)
